.\gradlew.bat : WARNING: A restricted method in java.lang.System has been calle
d
위치 줄:1 문자:1
+ .\gradlew.bat compileJava --rerun-tasks --console=plain *> build_outp ...
+ ~~~~~~~~~~~~~~~~~~~~~~~~~~~~~~~~~~~~~~~~~~~~~~~~~~~~~~~~~~~~~~~~~~~~~
    + CategoryInfo          : NotSpecified: (WARNING: A rest...has been called 
   :String) [], RemoteException
    + FullyQualifiedErrorId : NativeCommandError
 
WARNING: java.lang.System::load has been called by net.rubygrapefruit.platform.
internal.NativeLibraryLoader in an unnamed module (file:/C:/Users/msi/.gradle/w
rapper/dists/gradle-8.14-bin/38aieal9i53h9rfe7vjup95b9/gradle-8.14/lib/native-p
latform-0.22-milestone-28.jar)
WARNING: Use --enable-native-access=ALL-UNNAMED to avoid a warning for callers 
in this module
WARNING: Restricted methods will be blocked in a future release unless native a
ccess is enabled

> Task :compileJava

BUILD SUCCESSFUL in 10s
1 actionable task: 1 executed
