
> Task :compileJava
.\gradlew : C:\privWork\workspace\webProject\src\main\java\com\main\app\AppAppl
ication.java:1: error: class, interface, enum, or record expected
위치 줄:1 문자:1
+ .\gradlew build 2>&1 > build_error.log; Select-String "error: cannot  ...
+ ~~~~~~~~~~~~~~~~~~~~~~~~~~~~~~~~~~~~~~
    + CategoryInfo          : NotSpecified: (C:\privWork\wor...record expected 
   :String) [], RemoteException
    + FullyQualifiedErrorId : NativeCommandError
 
ackage com.main.app;
^
C:\privWork\workspace\webProject\src\main\java\com\main\app\auth\controller\Use
rController.java:1: error: class, interface, enum, or record expected
ackage com.main.app.auth.controller;
^
C:\privWork\workspace\webProject\src\main\java\com\main\app\auth\dto\UserDto.ja
va:1: error: class, interface, enum, or record expected
ackage com.main.app.auth.dto;
^
C:\privWork\workspace\webProject\src\main\java\com\main\app\auth\mapper\UserMap
per.java:1: error: class, interface, enum, or record expected
ackage com.main.app.auth.mapper;
^
C:\privWork\workspace\webProject\src\main\java\com\main\app\auth\service\UserSe
rvice.java:1: error: class, interface, enum, or record expected
ackage com.main.app.auth.service;
^
C:\privWork\workspace\webProject\src\main\java\com\main\app\common\api\ApiExcep
tionHandler.java:1: error: class, interface, enum, or record expected
ackage com.main.app.common.api;
^
C:\privWork\workspace\webProject\src\main\java\com\main\app\common\api\ApiRespo
nse.java:1: error: class, interface, enum, or record expected
ackage com.main.app.common.api;
^
C:\privWork\workspace\webProject\src\main\java\com\main\app\common\controller\A
bstractBoardController.java:1: error: class, interface, enum, or record expecte
d
ackage com.main.app.common.controller;
^
C:\privWork\workspace\webProject\src\main\java\com\main\app\common\dto\ApiRespo
nse.java:1: error: class, interface, enum, or record expected
ackage com.main.app.common.dto;
^
C:\privWork\workspace\webProject\src\main\java\com\main\app\common\dto\Board.ja
va:1: error: class, interface, enum, or record expected
ackage com.main.app.common.dto;
^
C:\privWork\workspace\webProject\src\main\java\com\main\app\common\dto\BoardDto
.java:1: error: class, interface, enum, or record expected
ackage com.main.app.common.dto;
^
C:\privWork\workspace\webProject\src\main\java\com\main\app\common\dto\CommentD
to.java:1: error: class, interface, enum, or record expected
ackage com.main.app.common.dto;
^
C:\privWork\workspace\webProject\src\main\java\com\main\app\common\dto\FileDto.
java:1: error: class, interface, enum, or record expected
ackage com.main.app.common.dto;
^
C:\privWork\workspace\webProject\src\main\java\com\main\app\common\dto\MenuDto.
java:1: error: class, interface, enum, or record expected
ackage com.main.app.common.dto;
^
C:\privWork\workspace\webProject\src\main\java\com\main\app\common\dto\PageMeta
Dto.java:1: error: class, interface, enum, or record expected
ackage com.main.app.common.dto;
^
C:\privWork\workspace\webProject\src\main\java\com\main\app\common\exception\Gl
obalControllerAdvice.java:1: error: class, interface, enum, or record expected
ackage com.main.app.common.exception;
^
C:\privWork\workspace\webProject\src\main\java\com\main\app\common\helper\Board
Context.java:1: error: class, interface, enum, or record expected
ackage com.main.app.common.helper;
^
C:\privWork\workspace\webProject\src\main\java\com\main\app\common\mapper\AutoN
oMapper.java:1: error: class, interface, enum, or record expected
ackage com.main.app.common.mapper;
^
C:\privWork\workspace\webProject\src\main\java\com\main\app\common\mapper\Board
Mapper.java:1: error: class, interface, enum, or record expected
ackage com.main.app.common.mapper;
^
C:\privWork\workspace\webProject\src\main\java\com\main\app\common\mapper\MenuM
apper.java:1: error: class, interface, enum, or record expected
ackage com.main.app.common.mapper;
^
C:\privWork\workspace\webProject\src\main\java\com\main\app\common\service\Boar
dService.java:1: error: class, interface, enum, or record expected
ackage com.main.app.common.service;
^
C:\privWork\workspace\webProject\src\main\java\com\main\app\common\service\impl
\BoardServiceImpl.java:1: error: class, interface, enum, or record expected
ackage com.main.app.common.service.impl;
^
C:\privWork\workspace\webProject\src\main\java\com\main\app\common\service\impl
\MenuServiceImpl.java:1: error: class, interface, enum, or record expected
ackage com.main.app.common.service.impl;
^
C:\privWork\workspace\webProject\src\main\java\com\main\app\common\service\Menu
Service.java:1: error: class, interface, enum, or record expected
ackage com.main.app.common.service;
^
C:\privWork\workspace\webProject\src\main\java\com\main\app\community\controlle
r\CommunityIndexController.java:1: error: class, interface, enum, or record exp
ected
ackage com.main.app.community.controller;
^
C:\privWork\workspace\webProject\src\main\java\com\main\app\community\controlle
r\CommunityLegacyRedirectController.java:1: error: class, interface, enum, or r
ecord expected
ackage com.main.app.community.controller;
^
C:\privWork\workspace\webProject\src\main\java\com\main\app\community\controlle
r\QnaController.java:1: error: class, interface, enum, or record expected
ackage com.main.app.community.controller;
^
C:\privWork\workspace\webProject\src\main\java\com\main\app\community\facilitie
s\FacilitiesController.java:1: error: class, interface, enum, or record expecte
d
ackage com.main.app.community.facilities;
^
C:\privWork\workspace\webProject\src\main\java\com\main\app\community\facilitie
s\FacilitiesMapper.java:1: error: class, interface, enum, or record expected
ackage com.main.app.community.facilities;
^
C:\privWork\workspace\webProject\src\main\java\com\main\app\community\facilitie
s\FacilitiesService.java:1: error: class, interface, enum, or record expected
ackage com.main.app.community.facilities;
^
C:\privWork\workspace\webProject\src\main\java\com\main\app\community\group\Gro
upController.java:1: error: class, interface, enum, or record expected
ackage com.main.app.community.group;
^
C:\privWork\workspace\webProject\src\main\java\com\main\app\community\group\Gro
upMapper.java:1: error: class, interface, enum, or record expected
ackage com.main.app.community.group;
^
C:\privWork\workspace\webProject\src\main\java\com\main\app\community\group\Gro
upService.java:1: error: class, interface, enum, or record expected
ackage com.main.app.community.group;
^
C:\privWork\workspace\webProject\src\main\java\com\main\app\community\qna\QnaCo
mmunityController.java:1: error: class, interface, enum, or record expected
ackage com.main.app.community.qna;
^
C:\privWork\workspace\webProject\src\main\java\com\main\app\community\qna\QnaCo
mmunityMapper.java:1: error: class, interface, enum, or record expected
ackage com.main.app.community.qna;
^
C:\privWork\workspace\webProject\src\main\java\com\main\app\community\qna\QnaCo
mmunityService.java:1: error: class, interface, enum, or record expected
ackage com.main.app.community.qna;
^
C:\privWork\workspace\webProject\src\main\java\com\main\app\community\qna\QnaCo
ntroller.java:1: error: class, interface, enum, or record expected
ackage com.main.app.community.qna;
^
C:\privWork\workspace\webProject\src\main\java\com\main\app\community\qna\QnaMa
pper.java:1: error: class, interface, enum, or record expected
ackage com.main.app.community.qna;
^
C:\privWork\workspace\webProject\src\main\java\com\main\app\community\qna\QnaSe
rvice.java:1: error: class, interface, enum, or record expected
ackage com.main.app.community.qna;
^
C:\privWork\workspace\webProject\src\main\java\com\main\app\community\saint\Sai
ntController.java:1: error: class, interface, enum, or record expected
ackage com.main.app.community.saint;
^
C:\privWork\workspace\webProject\src\main\java\com\main\app\community\saint\Sai
ntMapper.java:1: error: class, interface, enum, or record expected
ackage com.main.app.community.saint;
^
C:\privWork\workspace\webProject\src\main\java\com\main\app\community\saint\Sai
ntService.java:1: error: class, interface, enum, or record expected
ackage com.main.app.community.saint;
^
C:\privWork\workspace\webProject\src\main\java\com\main\app\community\world\Wor
ldController.java:1: error: class, interface, enum, or record expected
ackage com.main.app.community.world;
^
C:\privWork\workspace\webProject\src\main\java\com\main\app\community\world\Wor
ldMapper.java:1: error: class, interface, enum, or record expected
ackage com.main.app.community.world;
^
C:\privWork\workspace\webProject\src\main\java\com\main\app\community\world\Wor
ldService.java:1: error: class, interface, enum, or record expected
ackage com.main.app.community.world;
^
C:\privWork\workspace\webProject\src\main\java\com\main\app\config\CorsConfig.j
ava:1: error: class, interface, enum, or record expected
ackage com.main.app.config;
^
C:\privWork\workspace\webProject\src\main\java\com\main\app\config\SecurityConf
ig.java:1: error: class, interface, enum, or record expected
ackage com.main.app.config;
^
C:\privWork\workspace\webProject\src\main\java\com\main\app\erp\account\Account
ApiController.java:1: error: class, interface, enum, or record expected
ackage com.main.app.erp.account;
^
C:\privWork\workspace\webProject\src\main\java\com\main\app\erp\account\Account
Controller.java:1: error: class, interface, enum, or record expected
ackage com.main.app.erp.account;
^
C:\privWork\workspace\webProject\src\main\java\com\main\app\erp\account\Account
Mapper.java:1: error: class, interface, enum, or record expected
ackage com.main.app.erp.account;
^
C:\privWork\workspace\webProject\src\main\java\com\main\app\erp\account\Account
Service.java:1: error: class, interface, enum, or record expected
ackage com.main.app.erp.account;
^
C:\privWork\workspace\webProject\src\main\java\com\main\app\erp\admin\AdminApiC
ontroller.java:1: error: class, interface, enum, or record expected
ackage com.main.app.erp.admin;
^
C:\privWork\workspace\webProject\src\main\java\com\main\app\erp\admin\AdminCont
roller.java:1: error: class, interface, enum, or record expected
ackage com.main.app.erp.admin;
^
C:\privWork\workspace\webProject\src\main\java\com\main\app\erp\admin\AdminMapp
er.java:1: error: class, interface, enum, or record expected
ackage com.main.app.erp.admin;
^
C:\privWork\workspace\webProject\src\main\java\com\main\app\erp\admin\AdminServ
ice.java:1: error: class, interface, enum, or record expected
ackage com.main.app.erp.admin;
^
C:\privWork\workspace\webProject\src\main\java\com\main\app\erp\api\ErpApiContr
oller.java:1: error: class, interface, enum, or record expected
ackage com.main.app.erp.api;
^
C:\privWork\workspace\webProject\src\main\java\com\main\app\erp\api\ErpApiContr
oller.java:21: error: ')' expected
                                                new PageMetaDto("?깅룄愿?由?, "/erp
/humen/manager", "erp",
                                                                               
              ^
C:\privWork\workspace\webProject\src\main\java\com\main\app\erp\api\ErpApiContr
oller.java:21: error: unclosed string literal
                                                new PageMetaDto("?깅룄愿?由?, "/erp
/humen/manager", "erp",
                                                                               
                     ^
C:\privWork\workspace\webProject\src\main\java\com\main\app\erp\api\ErpApiContr
oller.java:21: error: not a statement
                                                new PageMetaDto("?깅룄愿?由?, "/erp
/humen/manager", "erp",
                                                                               
                  ^
C:\privWork\workspace\webProject\src\main\java\com\main\app\erp\api\ErpApiContr
oller.java:23: error: ')' expected
                                                new PageMetaDto("援먭뎄愿?由?, "/erp
/humen/district", "erp",
                                                                               
               ^
C:\privWork\workspace\webProject\src\main\java\com\main\app\erp\api\ErpApiContr
oller.java:23: error: unclosed string literal
                                                new PageMetaDto("援먭뎄愿?由?, "/erp
/humen/district", "erp",
                                                                               
                      ^
C:\privWork\workspace\webProject\src\main\java\com\main\app\erp\api\ErpApiContr
oller.java:23: error: not a statement
                                                new PageMetaDto("援먭뎄愿?由?, "/erp
/humen/district", "erp",
                                                                               
                   ^
C:\privWork\workspace\webProject\src\main\java\com\main\app\erp\api\ErpApiContr
oller.java:25: error: ')' expected
                                                new PageMetaDto("?덇?議깃?由?, "/er
p/humen/newcomer", "erp",
                                                                               
                ^
C:\privWork\workspace\webProject\src\main\java\com\main\app\erp\api\ErpApiContr
oller.java:25: error: unclosed string literal
                                                new PageMetaDto("?덇?議깃?由?, "/er
p/humen/newcomer", "erp",
                                                                               
                       ^
C:\privWork\workspace\webProject\src\main\java\com\main\app\erp\api\ErpApiContr
oller.java:25: error: not a statement
                                                new PageMetaDto("?덇?議깃?由?, "/er
p/humen/newcomer", "erp",
                                                                               
                    ^
C:\privWork\workspace\webProject\src\main\java\com\main\app\erp\api\ErpApiContr
oller.java:27: error: ')' expected
                                                new PageMetaDto("蹂??숆?由?, "/erp
/humen/change", "erp",
                                                                               
             ^
C:\privWork\workspace\webProject\src\main\java\com\main\app\erp\api\ErpApiContr
oller.java:27: error: unclosed string literal
                                                new PageMetaDto("蹂??숆?由?, "/erp
/humen/change", "erp",
                                                                               
                    ^
C:\privWork\workspace\webProject\src\main\java\com\main\app\erp\api\ErpApiContr
oller.java:27: error: not a statement
                                                new PageMetaDto("蹂??숆?由?, "/erp
/humen/change", "erp",
                                                                               
                 ^
C:\privWork\workspace\webProject\src\main\java\com\main\app\erp\api\ErpApiContr
oller.java:30: error: ')' expected
                                                new PageMetaDto("?ㅺ탳愿?由?, "/erp
/sermon/manager", "erp",
                                                                               
               ^
C:\privWork\workspace\webProject\src\main\java\com\main\app\erp\api\ErpApiContr
oller.java:30: error: unclosed string literal
                                                new PageMetaDto("?ㅺ탳愿?由?, "/erp
/sermon/manager", "erp",
                                                                               
                      ^
C:\privWork\workspace\webProject\src\main\java\com\main\app\erp\api\ErpApiContr
oller.java:30: error: not a statement
                                                new PageMetaDto("?ㅺ탳愿?由?, "/erp
/sermon/manager", "erp",
                                                                               
                   ^
C:\privWork\workspace\webProject\src\main\java\com\main\app\erp\api\ErpApiContr
oller.java:33: error: ';' expected
                                                                "erp/sermon/arc
hive"),
                                                                               
      ^
C:\privWork\workspace\webProject\src\main\java\com\main\app\erp\api\ErpApiContr
oller.java:34: error: ')' expected
                                                new PageMetaDto("異쒖꽍愿?由?, "/erp
/sermon/attendance", "erp",
                                                                               
                  ^
C:\privWork\workspace\webProject\src\main\java\com\main\app\erp\api\ErpApiContr
oller.java:34: error: unclosed string literal
                                                new PageMetaDto("異쒖꽍愿?由?, "/erp
/sermon/attendance", "erp",
                                                                               
                         ^
C:\privWork\workspace\webProject\src\main\java\com\main\app\erp\api\ErpApiContr
oller.java:34: error: not a statement
                                                new PageMetaDto("異쒖꽍愿?由?, "/erp
/sermon/attendance", "erp",
                                                                               
                      ^
C:\privWork\workspace\webProject\src\main\java\com\main\app\erp\api\ErpApiContr
oller.java:36: error: ';' expected
                                                new PageMetaDto("?ㅺ탳?묒꽦", "/erp
/sermon/write", "erp", "erp/sermon/write"),
                                                                               
                                          ^
C:\privWork\workspace\webProject\src\main\java\com\main\app\erp\api\ErpApiContr
oller.java:38: error: ';' expected
                                                                "erp/sermon/ord
er")),
                                                                               
    ^
C:\privWork\workspace\webProject\src\main\java\com\main\app\erp\api\ErpApiContr
oller.java:40: error: ')' expected
                                                new PageMetaDto("?뚭퀎愿?由?, "/erp
/account/manager", "erp",
                                                                               
                ^
C:\privWork\workspace\webProject\src\main\java\com\main\app\erp\api\ErpApiContr
oller.java:40: error: unclosed string literal
                                                new PageMetaDto("?뚭퀎愿?由?, "/erp
/account/manager", "erp",
                                                                               
                       ^
C:\privWork\workspace\webProject\src\main\java\com\main\app\erp\api\ErpApiContr
oller.java:40: error: not a statement
                                                new PageMetaDto("?뚭퀎愿?由?, "/erp
/account/manager", "erp",
                                                                               
                    ^
C:\privWork\workspace\webProject\src\main\java\com\main\app\erp\api\ErpApiContr
oller.java:43: error: ';' expected
                                                                "erp/account/in
put"),
                                                                               
     ^
C:\privWork\workspace\webProject\src\main\java\com\main\app\erp\api\ErpApiContr
oller.java:44: error: ')' expected
                                                new PageMetaDto("?덉궛愿?由?, "/erp
/account/budget", "erp",
                                                                               
               ^
C:\privWork\workspace\webProject\src\main\java\com\main\app\erp\api\ErpApiContr
oller.java:44: error: unclosed string literal
                                                new PageMetaDto("?덉궛愿?由?, "/erp
/account/budget", "erp",
                                                                               
                      ^
C:\privWork\workspace\webProject\src\main\java\com\main\app\erp\api\ErpApiContr
oller.java:44: error: not a statement
                                                new PageMetaDto("?덉궛愿?由?, "/erp
/account/budget", "erp",
                                                                               
                   ^
C:\privWork\workspace\webProject\src\main\java\com\main\app\erp\api\ErpApiContr
oller.java:46: error: ')' expected
                                                new PageMetaDto("吏?異쒓?由?, "/erp
/account/expense", "erp",
                                                                               
                ^
C:\privWork\workspace\webProject\src\main\java\com\main\app\erp\api\ErpApiContr
oller.java:46: error: unclosed string literal
                                                new PageMetaDto("吏?異쒓?由?, "/erp
/account/expense", "erp",
                                                                               
                       ^
C:\privWork\workspace\webProject\src\main\java\com\main\app\erp\api\ErpApiContr
oller.java:46: error: not a statement
                                                new PageMetaDto("吏?異쒓?由?, "/erp
/account/expense", "erp",
                                                                               
                    ^
C:\privWork\workspace\webProject\src\main\java\com\main\app\erp\api\ErpApiContr
oller.java:49: error: ';' expected
                                                                "erp/account/re
port")),
                                                                               
      ^
C:\privWork\workspace\webProject\src\main\java\com\main\app\erp\api\ErpApiContr
oller.java:51: error: ')' expected
                                                new PageMetaDto("怨쇱젙愿?由?, "/erp
/training/course", "erp",
                                                                               
                ^
C:\privWork\workspace\webProject\src\main\java\com\main\app\erp\api\ErpApiContr
oller.java:51: error: unclosed string literal
                                                new PageMetaDto("怨쇱젙愿?由?, "/erp
/training/course", "erp",
                                                                               
                       ^
C:\privWork\workspace\webProject\src\main\java\com\main\app\erp\api\ErpApiContr
oller.java:51: error: not a statement
                                                new PageMetaDto("怨쇱젙愿?由?, "/erp
/training/course", "erp",
                                                                               
                    ^
C:\privWork\workspace\webProject\src\main\java\com\main\app\erp\api\ErpApiContr
oller.java:53: error: ')' expected
                                                new PageMetaDto("?섍컯?앷?由?, "/er
p/training/student", "erp",
                                                                               
                  ^
C:\privWork\workspace\webProject\src\main\java\com\main\app\erp\api\ErpApiContr
oller.java:53: error: unclosed string literal
                                                new PageMetaDto("?섍컯?앷?由?, "/er
p/training/student", "erp",
                                                                               
                         ^
C:\privWork\workspace\webProject\src\main\java\com\main\app\erp\api\ErpApiContr
oller.java:53: error: not a statement
                                                new PageMetaDto("?섍컯?앷?由?, "/er
p/training/student", "erp",
                                                                               
                      ^
C:\privWork\workspace\webProject\src\main\java\com\main\app\erp\api\ErpApiContr
oller.java:56: error: ';' expected
                                                                "erp/training/a
ttendance"),
                                                                               
           ^
C:\privWork\workspace\webProject\src\main\java\com\main\app\erp\api\ErpApiContr
oller.java:57: error: ')' expected
                                                new PageMetaDto("?섎즺愿?由?, "/erp
/training/complete", "erp",
                                                                               
                  ^
C:\privWork\workspace\webProject\src\main\java\com\main\app\erp\api\ErpApiContr
oller.java:57: error: unclosed string literal
                                                new PageMetaDto("?섎즺愿?由?, "/erp
/training/complete", "erp",
                                                                               
                         ^
C:\privWork\workspace\webProject\src\main\java\com\main\app\erp\api\ErpApiContr
oller.java:57: error: not a statement
                                                new PageMetaDto("?섎즺愿?由?, "/erp
/training/complete", "erp",
                                                                               
                      ^
C:\privWork\workspace\webProject\src\main\java\com\main\app\erp\api\ErpApiContr
oller.java:60: error: ')' expected
                                                new PageMetaDto("遺??쒓?由?, "/erp
/ministry/department", "erp",
                                                                               
                    ^
C:\privWork\workspace\webProject\src\main\java\com\main\app\erp\api\ErpApiContr
oller.java:60: error: unclosed string literal
                                                new PageMetaDto("遺??쒓?由?, "/erp
/ministry/department", "erp",
                                                                               
                           ^
100 errors

> Task :compileJava FAILED

[Incubating] Problems report is available at: file:///C:/privWork/workspace/webProject/build/reports/problems/problems-report.html

FAILURE: Build failed with an exception.

* What went wrong:
Execution failed for task ':compileJava'.
> Compilation failed; see the compiler output below.
  C:\privWork\workspace\webProject\src\main\java\com\main\app\AppApplication.ja
va:1: error: class, interface, enum, or record expected
  ackage com.main.app;
  ^
  C:\privWork\workspace\webProject\src\main\java\com\main\app\auth\controller\U
serController.java:1: error: class, interface, enum, or record expected
  ackage com.main.app.auth.controller;
  ^
  C:\privWork\workspace\webProject\src\main\java\com\main\app\auth\dto\UserDto.
java:1: error: class, interface, enum, or record expected
  ackage com.main.app.auth.dto;
  ^
  C:\privWork\workspace\webProject\src\main\java\com\main\app\auth\mapper\UserM
apper.java:1: error: class, interface, enum, or record expected
  ackage com.main.app.auth.mapper;
  ^
  C:\privWork\workspace\webProject\src\main\java\com\main\app\auth\service\User
Service.java:1: error: class, interface, enum, or record expected
  ackage com.main.app.auth.service;
  ^
  C:\privWork\workspace\webProject\src\main\java\com\main\app\common\api\ApiExc
eptionHandler.java:1: error: class, interface, enum, or record expected
  ackage com.main.app.common.api;
  ^
  C:\privWork\workspace\webProject\src\main\java\com\main\app\common\api\ApiRes
ponse.java:1: error: class, interface, enum, or record expected
  ackage com.main.app.common.api;
  ^
  C:\privWork\workspace\webProject\src\main\java\com\main\app\common\controller
\AbstractBoardController.java:1: error: class, interface, enum, or record expec
ted
  ackage com.main.app.common.controller;
  ^
  C:\privWork\workspace\webProject\src\main\java\com\main\app\common\dto\ApiRes
ponse.java:1: error: class, interface, enum, or record expected
  ackage com.main.app.common.dto;
  ^
  C:\privWork\workspace\webProject\src\main\java\com\main\app\common\dto\Board.
java:1: error: class, interface, enum, or record expected
  ackage com.main.app.common.dto;
  ^
  C:\privWork\workspace\webProject\src\main\java\com\main\app\common\dto\BoardD
to.java:1: error: class, interface, enum, or record expected
  ackage com.main.app.common.dto;
  ^
  C:\privWork\workspace\webProject\src\main\java\com\main\app\common\dto\Commen
tDto.java:1: error: class, interface, enum, or record expected
  ackage com.main.app.common.dto;
  ^
  C:\privWork\workspace\webProject\src\main\java\com\main\app\common\dto\FileDt
o.java:1: error: class, interface, enum, or record expected
  ackage com.main.app.common.dto;
  ^
  C:\privWork\workspace\webProject\src\main\java\com\main\app\common\dto\MenuDt
o.java:1: error: class, interface, enum, or record expected
  ackage com.main.app.common.dto;
  ^
  C:\privWork\workspace\webProject\src\main\java\com\main\app\common\dto\PageMe
taDto.java:1: error: class, interface, enum, or record expected
  ackage com.main.app.common.dto;
  ^
  C:\privWork\workspace\webProject\src\main\java\com\main\app\common\exception\
GlobalControllerAdvice.java:1: error: class, interface, enum, or record expecte
d
  ackage com.main.app.common.exception;
  ^
  C:\privWork\workspace\webProject\src\main\java\com\main\app\common\helper\Boa
rdContext.java:1: error: class, interface, enum, or record expected
  ackage com.main.app.common.helper;
  ^
  C:\privWork\workspace\webProject\src\main\java\com\main\app\common\mapper\Aut
oNoMapper.java:1: error: class, interface, enum, or record expected
  ackage com.main.app.common.mapper;
  ^
  C:\privWork\workspace\webProject\src\main\java\com\main\app\common\mapper\Boa
rdMapper.java:1: error: class, interface, enum, or record expected
  ackage com.main.app.common.mapper;
  ^
  C:\privWork\workspace\webProject\src\main\java\com\main\app\common\mapper\Men
uMapper.java:1: error: class, interface, enum, or record expected
  ackage com.main.app.common.mapper;
  ^
  C:\privWork\workspace\webProject\src\main\java\com\main\app\common\service\Bo
ardService.java:1: error: class, interface, enum, or record expected
  ackage com.main.app.common.service;
  ^
  C:\privWork\workspace\webProject\src\main\java\com\main\app\common\service\im
pl\BoardServiceImpl.java:1: error: class, interface, enum, or record expected
  ackage com.main.app.common.service.impl;
  ^
  C:\privWork\workspace\webProject\src\main\java\com\main\app\common\service\im
pl\MenuServiceImpl.java:1: error: class, interface, enum, or record expected
  ackage com.main.app.common.service.impl;
  ^
  C:\privWork\workspace\webProject\src\main\java\com\main\app\common\service\Me
nuService.java:1: error: class, interface, enum, or record expected
  ackage com.main.app.common.service;
  ^
  C:\privWork\workspace\webProject\src\main\java\com\main\app\community\control
ler\CommunityIndexController.java:1: error: class, interface, enum, or record e
xpected
  ackage com.main.app.community.controller;
  ^
  C:\privWork\workspace\webProject\src\main\java\com\main\app\community\control
ler\CommunityLegacyRedirectController.java:1: error: class, interface, enum, or
 record expected
  ackage com.main.app.community.controller;
  ^
  C:\privWork\workspace\webProject\src\main\java\com\main\app\community\control
ler\QnaController.java:1: error: class, interface, enum, or record expected
  ackage com.main.app.community.controller;
  ^
  C:\privWork\workspace\webProject\src\main\java\com\main\app\community\facilit
ies\FacilitiesController.java:1: error: class, interface, enum, or record expec
ted
  ackage com.main.app.community.facilities;
  ^
  C:\privWork\workspace\webProject\src\main\java\com\main\app\community\facilit
ies\FacilitiesMapper.java:1: error: class, interface, enum, or record expected
  ackage com.main.app.community.facilities;
  ^
  C:\privWork\workspace\webProject\src\main\java\com\main\app\community\facilit
ies\FacilitiesService.java:1: error: class, interface, enum, or record expected
  ackage com.main.app.community.facilities;
  ^
  C:\privWork\workspace\webProject\src\main\java\com\main\app\community\group\G
roupController.java:1: error: class, interface, enum, or record expected
  ackage com.main.app.community.group;
  ^
  C:\privWork\workspace\webProject\src\main\java\com\main\app\community\group\G
roupMapper.java:1: error: class, interface, enum, or record expected
  ackage com.main.app.community.group;
  ^
  C:\privWork\workspace\webProject\src\main\java\com\main\app\community\group\G
roupService.java:1: error: class, interface, enum, or record expected
  ackage com.main.app.community.group;
  ^
  C:\privWork\workspace\webProject\src\main\java\com\main\app\community\qna\Qna
CommunityController.java:1: error: class, interface, enum, or record expected
  ackage com.main.app.community.qna;
  ^
  C:\privWork\workspace\webProject\src\main\java\com\main\app\community\qna\Qna
CommunityMapper.java:1: error: class, interface, enum, or record expected
  ackage com.main.app.community.qna;
  ^
  C:\privWork\workspace\webProject\src\main\java\com\main\app\community\qna\Qna
CommunityService.java:1: error: class, interface, enum, or record expected
  ackage com.main.app.community.qna;
  ^
  C:\privWork\workspace\webProject\src\main\java\com\main\app\community\qna\Qna
Controller.java:1: error: class, interface, enum, or record expected
  ackage com.main.app.community.qna;
  ^
  C:\privWork\workspace\webProject\src\main\java\com\main\app\community\qna\Qna
Mapper.java:1: error: class, interface, enum, or record expected
  ackage com.main.app.community.qna;
  ^
  C:\privWork\workspace\webProject\src\main\java\com\main\app\community\qna\Qna
Service.java:1: error: class, interface, enum, or record expected
  ackage com.main.app.community.qna;
  ^
  C:\privWork\workspace\webProject\src\main\java\com\main\app\community\saint\S
aintController.java:1: error: class, interface, enum, or record expected
  ackage com.main.app.community.saint;
  ^
  C:\privWork\workspace\webProject\src\main\java\com\main\app\community\saint\S
aintMapper.java:1: error: class, interface, enum, or record expected
  ackage com.main.app.community.saint;
  ^
  C:\privWork\workspace\webProject\src\main\java\com\main\app\community\saint\S
aintService.java:1: error: class, interface, enum, or record expected
  ackage com.main.app.community.saint;
  ^
  C:\privWork\workspace\webProject\src\main\java\com\main\app\community\world\W
orldController.java:1: error: class, interface, enum, or record expected
  ackage com.main.app.community.world;
  ^
  C:\privWork\workspace\webProject\src\main\java\com\main\app\community\world\W
orldMapper.java:1: error: class, interface, enum, or record expected
  ackage com.main.app.community.world;
  ^
  C:\privWork\workspace\webProject\src\main\java\com\main\app\community\world\W
orldService.java:1: error: class, interface, enum, or record expected
  ackage com.main.app.community.world;
  ^
  C:\privWork\workspace\webProject\src\main\java\com\main\app\config\CorsConfig
.java:1: error: class, interface, enum, or record expected
  ackage com.main.app.config;
  ^
  C:\privWork\workspace\webProject\src\main\java\com\main\app\config\SecurityCo
nfig.java:1: error: class, interface, enum, or record expected
  ackage com.main.app.config;
  ^
  C:\privWork\workspace\webProject\src\main\java\com\main\app\erp\account\Accou
ntApiController.java:1: error: class, interface, enum, or record expected
  ackage com.main.app.erp.account;
  ^
  C:\privWork\workspace\webProject\src\main\java\com\main\app\erp\account\Accou
ntController.java:1: error: class, interface, enum, or record expected
  ackage com.main.app.erp.account;
  ^
  C:\privWork\workspace\webProject\src\main\java\com\main\app\erp\account\Accou
ntMapper.java:1: error: class, interface, enum, or record expected
  ackage com.main.app.erp.account;
  ^
  C:\privWork\workspace\webProject\src\main\java\com\main\app\erp\account\Accou
ntService.java:1: error: class, interface, enum, or record expected
  ackage com.main.app.erp.account;
  ^
  C:\privWork\workspace\webProject\src\main\java\com\main\app\erp\admin\AdminAp
iController.java:1: error: class, interface, enum, or record expected
  ackage com.main.app.erp.admin;
  ^
  C:\privWork\workspace\webProject\src\main\java\com\main\app\erp\admin\AdminCo
ntroller.java:1: error: class, interface, enum, or record expected
  ackage com.main.app.erp.admin;
  ^
  C:\privWork\workspace\webProject\src\main\java\com\main\app\erp\admin\AdminMa
pper.java:1: error: class, interface, enum, or record expected
  ackage com.main.app.erp.admin;
  ^
  C:\privWork\workspace\webProject\src\main\java\com\main\app\erp\admin\AdminSe
rvice.java:1: error: class, interface, enum, or record expected
  ackage com.main.app.erp.admin;
  ^
  C:\privWork\workspace\webProject\src\main\java\com\main\app\erp\api\ErpApiCon
troller.java:1: error: class, interface, enum, or record expected
  ackage com.main.app.erp.api;
  ^
  C:\privWork\workspace\webProject\src\main\java\com\main\app\erp\api\ErpApiCon
troller.java:21: error: ')' expected
                                                  new PageMetaDto("?깅룄愿?由?, "/e
rp/humen/manager", "erp",
                                                                               
                ^
  C:\privWork\workspace\webProject\src\main\java\com\main\app\erp\api\ErpApiCon
troller.java:21: error: unclosed string literal
                                                  new PageMetaDto("?깅룄愿?由?, "/e
rp/humen/manager", "erp",
                                                                               
                       ^
  C:\privWork\workspace\webProject\src\main\java\com\main\app\erp\api\ErpApiCon
troller.java:21: error: not a statement
                                                  new PageMetaDto("?깅룄愿?由?, "/e
rp/humen/manager", "erp",
                                                                               
                    ^
  C:\privWork\workspace\webProject\src\main\java\com\main\app\erp\api\ErpApiCon
troller.java:23: error: ')' expected
                                                  new PageMetaDto("援먭뎄愿?由?, "/e
rp/humen/district", "erp",
                                                                               
                 ^
  C:\privWork\workspace\webProject\src\main\java\com\main\app\erp\api\ErpApiCon
troller.java:23: error: unclosed string literal
                                                  new PageMetaDto("援먭뎄愿?由?, "/e
rp/humen/district", "erp",
                                                                               
                        ^
  C:\privWork\workspace\webProject\src\main\java\com\main\app\erp\api\ErpApiCon
troller.java:23: error: not a statement
                                                  new PageMetaDto("援먭뎄愿?由?, "/e
rp/humen/district", "erp",
                                                                               
                     ^
  C:\privWork\workspace\webProject\src\main\java\com\main\app\erp\api\ErpApiCon
troller.java:25: error: ')' expected
                                                  new PageMetaDto("?덇?議깃?由?, "/
erp/humen/newcomer", "erp",
                                                                               
                  ^
  C:\privWork\workspace\webProject\src\main\java\com\main\app\erp\api\ErpApiCon
troller.java:25: error: unclosed string literal
                                                  new PageMetaDto("?덇?議깃?由?, "/
erp/humen/newcomer", "erp",
                                                                               
                         ^
  C:\privWork\workspace\webProject\src\main\java\com\main\app\erp\api\ErpApiCon
troller.java:25: error: not a statement
                                                  new PageMetaDto("?덇?議깃?由?, "/
erp/humen/newcomer", "erp",
                                                                               
                      ^
  C:\privWork\workspace\webProject\src\main\java\com\main\app\erp\api\ErpApiCon
troller.java:27: error: ')' expected
                                                  new PageMetaDto("蹂??숆?由?, "/e
rp/humen/change", "erp",
                                                                               
               ^
  C:\privWork\workspace\webProject\src\main\java\com\main\app\erp\api\ErpApiCon
troller.java:27: error: unclosed string literal
                                                  new PageMetaDto("蹂??숆?由?, "/e
rp/humen/change", "erp",
                                                                               
                      ^
  C:\privWork\workspace\webProject\src\main\java\com\main\app\erp\api\ErpApiCon
troller.java:27: error: not a statement
                                                  new PageMetaDto("蹂??숆?由?, "/e
rp/humen/change", "erp",
                                                                               
                   ^
  C:\privWork\workspace\webProject\src\main\java\com\main\app\erp\api\ErpApiCon
troller.java:30: error: ')' expected
                                                  new PageMetaDto("?ㅺ탳愿?由?, "/e
rp/sermon/manager", "erp",
                                                                               
                 ^
  C:\privWork\workspace\webProject\src\main\java\com\main\app\erp\api\ErpApiCon
troller.java:30: error: unclosed string literal
                                                  new PageMetaDto("?ㅺ탳愿?由?, "/e
rp/sermon/manager", "erp",
                                                                               
                        ^
  C:\privWork\workspace\webProject\src\main\java\com\main\app\erp\api\ErpApiCon
troller.java:30: error: not a statement
                                                  new PageMetaDto("?ㅺ탳愿?由?, "/e
rp/sermon/manager", "erp",
                                                                               
                     ^
  C:\privWork\workspace\webProject\src\main\java\com\main\app\erp\api\ErpApiCon
troller.java:33: error: ';' expected
                                                                  "erp/sermon/a
rchive"),
                                                                               
        ^
  C:\privWork\workspace\webProject\src\main\java\com\main\app\erp\api\ErpApiCon
troller.java:34: error: ')' expected
                                                  new PageMetaDto("異쒖꽍愿?由?, "/e
rp/sermon/attendance", "erp",
                                                                               
                    ^
  C:\privWork\workspace\webProject\src\main\java\com\main\app\erp\api\ErpApiCon
troller.java:34: error: unclosed string literal
                                                  new PageMetaDto("異쒖꽍愿?由?, "/e
rp/sermon/attendance", "erp",
                                                                               
                           ^
  C:\privWork\workspace\webProject\src\main\java\com\main\app\erp\api\ErpApiCon
troller.java:34: error: not a statement
                                                  new PageMetaDto("異쒖꽍愿?由?, "/e
rp/sermon/attendance", "erp",
                                                                               
                        ^
  C:\privWork\workspace\webProject\src\main\java\com\main\app\erp\api\ErpApiCon
troller.java:36: error: ';' expected
                                                  new PageMetaDto("?ㅺ탳?묒꽦", "/e
rp/sermon/write", "erp", "erp/sermon/write"),
                                                                               
                                            ^
  C:\privWork\workspace\webProject\src\main\java\com\main\app\erp\api\ErpApiCon
troller.java:38: error: ';' expected
                                                                  "erp/sermon/o
rder")),
                                                                               
      ^
  C:\privWork\workspace\webProject\src\main\java\com\main\app\erp\api\ErpApiCon
troller.java:40: error: ')' expected
                                                  new PageMetaDto("?뚭퀎愿?由?, "/e
rp/account/manager", "erp",
                                                                               
                  ^
  C:\privWork\workspace\webProject\src\main\java\com\main\app\erp\api\ErpApiCon
troller.java:40: error: unclosed string literal
                                                  new PageMetaDto("?뚭퀎愿?由?, "/e
rp/account/manager", "erp",
                                                                               
                         ^
  C:\privWork\workspace\webProject\src\main\java\com\main\app\erp\api\ErpApiCon
troller.java:40: error: not a statement
                                                  new PageMetaDto("?뚭퀎愿?由?, "/e
rp/account/manager", "erp",
                                                                               
                      ^
  C:\privWork\workspace\webProject\src\main\java\com\main\app\erp\api\ErpApiCon
troller.java:43: error: ';' expected
                                                                  "erp/account/
input"),
                                                                               
       ^
  C:\privWork\workspace\webProject\src\main\java\com\main\app\erp\api\ErpApiCon
troller.java:44: error: ')' expected
                                                  new PageMetaDto("?덉궛愿?由?, "/e
rp/account/budget", "erp",
                                                                               
                 ^
  C:\privWork\workspace\webProject\src\main\java\com\main\app\erp\api\ErpApiCon
troller.java:44: error: unclosed string literal
                                                  new PageMetaDto("?덉궛愿?由?, "/e
rp/account/budget", "erp",
                                                                               
                        ^
  C:\privWork\workspace\webProject\src\main\java\com\main\app\erp\api\ErpApiCon
troller.java:44: error: not a statement
                                                  new PageMetaDto("?덉궛愿?由?, "/e
rp/account/budget", "erp",
                                                                               
                     ^
  C:\privWork\workspace\webProject\src\main\java\com\main\app\erp\api\ErpApiCon
troller.java:46: error: ')' expected
                                                  new PageMetaDto("吏?異쒓?由?, "/e
rp/account/expense", "erp",
                                                                               
                  ^
  C:\privWork\workspace\webProject\src\main\java\com\main\app\erp\api\ErpApiCon
troller.java:46: error: unclosed string literal
                                                  new PageMetaDto("吏?異쒓?由?, "/e
rp/account/expense", "erp",
                                                                               
                         ^
  C:\privWork\workspace\webProject\src\main\java\com\main\app\erp\api\ErpApiCon
troller.java:46: error: not a statement
                                                  new PageMetaDto("吏?異쒓?由?, "/e
rp/account/expense", "erp",
                                                                               
                      ^
  C:\privWork\workspace\webProject\src\main\java\com\main\app\erp\api\ErpApiCon
troller.java:49: error: ';' expected
                                                                  "erp/account/
report")),
                                                                               
        ^
  C:\privWork\workspace\webProject\src\main\java\com\main\app\erp\api\ErpApiCon
troller.java:51: error: ')' expected
                                                  new PageMetaDto("怨쇱젙愿?由?, "/e
rp/training/course", "erp",
                                                                               
                  ^
  C:\privWork\workspace\webProject\src\main\java\com\main\app\erp\api\ErpApiCon
troller.java:51: error: unclosed string literal
                                                  new PageMetaDto("怨쇱젙愿?由?, "/e
rp/training/course", "erp",
                                                                               
                         ^
  C:\privWork\workspace\webProject\src\main\java\com\main\app\erp\api\ErpApiCon
troller.java:51: error: not a statement
                                                  new PageMetaDto("怨쇱젙愿?由?, "/e
rp/training/course", "erp",
                                                                               
                      ^
  C:\privWork\workspace\webProject\src\main\java\com\main\app\erp\api\ErpApiCon
troller.java:53: error: ')' expected
                                                  new PageMetaDto("?섍컯?앷?由?, "/
erp/training/student", "erp",
                                                                               
                    ^
  C:\privWork\workspace\webProject\src\main\java\com\main\app\erp\api\ErpApiCon
troller.java:53: error: unclosed string literal
                                                  new PageMetaDto("?섍컯?앷?由?, "/
erp/training/student", "erp",
                                                                               
                           ^
  C:\privWork\workspace\webProject\src\main\java\com\main\app\erp\api\ErpApiCon
troller.java:53: error: not a statement
                                                  new PageMetaDto("?섍컯?앷?由?, "/
erp/training/student", "erp",
                                                                               
                        ^
  C:\privWork\workspace\webProject\src\main\java\com\main\app\erp\api\ErpApiCon
troller.java:56: error: ';' expected
                                                                  "erp/training
/attendance"),
                                                                               
             ^
  C:\privWork\workspace\webProject\src\main\java\com\main\app\erp\api\ErpApiCon
troller.java:57: error: ')' expected
                                                  new PageMetaDto("?섎즺愿?由?, "/e
rp/training/complete", "erp",
                                                                               
                    ^
  C:\privWork\workspace\webProject\src\main\java\com\main\app\erp\api\ErpApiCon
troller.java:57: error: unclosed string literal
                                                  new PageMetaDto("?섎즺愿?由?, "/e
rp/training/complete", "erp",
                                                                               
                           ^
  C:\privWork\workspace\webProject\src\main\java\com\main\app\erp\api\ErpApiCon
troller.java:57: error: not a statement
                                                  new PageMetaDto("?섎즺愿?由?, "/e
rp/training/complete", "erp",
                                                                               
                        ^
  C:\privWork\workspace\webProject\src\main\java\com\main\app\erp\api\ErpApiCon
troller.java:60: error: ')' expected
                                                  new PageMetaDto("遺??쒓?由?, "/e
rp/ministry/department", "erp",
                                                                               
                      ^
  C:\privWork\workspace\webProject\src\main\java\com\main\app\erp\api\ErpApiCon
troller.java:60: error: unclosed string literal
                                                  new PageMetaDto("遺??쒓?由?, "/e
rp/ministry/department", "erp",
                                                                               
                             ^
  100 errors

* Try:
> Check your code and dependencies to fix the compilation error(s)
> Run with --scan to get full insights.

BUILD FAILED in 4s
1 actionable task: 1 executed
