[     457ms] [INFO] %cDownload the React DevTools for a better development experience: https://reactjs.org/link/react-devtools font-weight:bold @ http://localhost:5173/node_modules/.vite/deps/chunk-3ZJ2S23Y.js?v=793fb9ba:21550
[     527ms] [WARNING] ⚠️ React Router Future Flag Warning: React Router will begin wrapping state updates in `React.startTransition` in v7. You can use the `v7_startTransition` future flag to opt-in early. For more information, see https://reactrouter.com/v6/upgrading/future#v7_starttransition. @ http://localhost:5173/node_modules/.vite/deps/react-router-dom.js?v=793fb9ba:4426
[     695ms] [VERBOSE] [DOM] Input elements should have autocomplete attributes (suggested: "current-password"): (More info: https://goo.gl/9p2vKq) %o @ http://localhost:5173/auth/login:0
[  166121ms] [INFO] %cDownload the React DevTools for a better development experience: https://reactjs.org/link/react-devtools font-weight:bold @ http://localhost:5173/node_modules/.vite/deps/chunk-3ZJ2S23Y.js?v=216924f1:21550
[  166346ms] [WARNING] ⚠️ React Router Future Flag Warning: React Router will begin wrapping state updates in `React.startTransition` in v7. You can use the `v7_startTransition` future flag to opt-in early. For more information, see https://reactrouter.com/v6/upgrading/future#v7_starttransition. @ http://localhost:5173/node_modules/.vite/deps/react-router-dom.js?v=216924f1:4426
[  166439ms] [VERBOSE] [DOM] Input elements should have autocomplete attributes (suggested: "current-password"): (More info: https://goo.gl/9p2vKq) %o @ http://localhost:5173/auth/login:0
[  364979ms] [INFO] %cDownload the React DevTools for a better development experience: https://reactjs.org/link/react-devtools font-weight:bold @ http://localhost:5173/node_modules/.vite/deps/chunk-3ZJ2S23Y.js?v=216924f1:21550
[  365039ms] [WARNING] ⚠️ React Router Future Flag Warning: React Router will begin wrapping state updates in `React.startTransition` in v7. You can use the `v7_startTransition` future flag to opt-in early. For more information, see https://reactrouter.com/v6/upgrading/future#v7_starttransition. @ http://localhost:5173/node_modules/.vite/deps/react-router-dom.js?v=216924f1:4426
[  560480ms] [WARNING] AG Grid: warning #26 Grid API function deselectAll() cannot be called as the grid has been destroyed.
 Either clear local references to the grid api, when it is destroyed, or check gridApi.isDestroyed() to avoid calling methods against a destroyed grid.
 To run logic when the grid is about to be destroyed use the gridPreDestroy event. See: https://www.ag-grid.com/react-data-grid/grid-lifecycle/#grid-pre-destroyed 
See https://www.ag-grid.com/react-data-grid/errors/26?_version_=35.3.1&fnName=deselectAll&preDestroyLink=https%3A%2F%2Fwww.ag-grid.com%2Freact-data-grid%2Fgrid-lifecycle%2F%23grid-pre-destroyed @ http://localhost:5173/node_modules/.vite/deps/chunk-A7TUNGOE.js?v=216924f1:1608
[  560480ms] [WARNING] AG Grid: warning #26 Grid API function ensureIndexVisible() cannot be called as the grid has been destroyed.
 Either clear local references to the grid api, when it is destroyed, or check gridApi.isDestroyed() to avoid calling methods against a destroyed grid.
 To run logic when the grid is about to be destroyed use the gridPreDestroy event. See: https://www.ag-grid.com/react-data-grid/grid-lifecycle/#grid-pre-destroyed 
See https://www.ag-grid.com/react-data-grid/errors/26?_version_=35.3.1&fnName=ensureIndexVisible&preDestroyLink=https%3A%2F%2Fwww.ag-grid.com%2Freact-data-grid%2Fgrid-lifecycle%2F%23grid-pre-destroyed @ http://localhost:5173/node_modules/.vite/deps/chunk-A7TUNGOE.js?v=216924f1:1608
[  560480ms] [WARNING] AG Grid: warning #26 Grid API function redrawRows() cannot be called as the grid has been destroyed.
 Either clear local references to the grid api, when it is destroyed, or check gridApi.isDestroyed() to avoid calling methods against a destroyed grid.
 To run logic when the grid is about to be destroyed use the gridPreDestroy event. See: https://www.ag-grid.com/react-data-grid/grid-lifecycle/#grid-pre-destroyed 
See https://www.ag-grid.com/react-data-grid/errors/26?_version_=35.3.1&fnName=redrawRows&preDestroyLink=https%3A%2F%2Fwww.ag-grid.com%2Freact-data-grid%2Fgrid-lifecycle%2F%23grid-pre-destroyed @ http://localhost:5173/node_modules/.vite/deps/chunk-A7TUNGOE.js?v=216924f1:1608
[  632707ms] [INFO] %cDownload the React DevTools for a better development experience: https://reactjs.org/link/react-devtools font-weight:bold @ http://localhost:5173/node_modules/.vite/deps/chunk-3ZJ2S23Y.js?v=216924f1:21550
[  632744ms] [WARNING] ⚠️ React Router Future Flag Warning: React Router will begin wrapping state updates in `React.startTransition` in v7. You can use the `v7_startTransition` future flag to opt-in early. For more information, see https://reactrouter.com/v6/upgrading/future#v7_starttransition. @ http://localhost:5173/node_modules/.vite/deps/react-router-dom.js?v=216924f1:4426
[  686832ms] [INFO] %cDownload the React DevTools for a better development experience: https://reactjs.org/link/react-devtools font-weight:bold @ http://localhost:5173/node_modules/.vite/deps/chunk-3ZJ2S23Y.js?v=216924f1:21550
[  686863ms] [WARNING] ⚠️ React Router Future Flag Warning: React Router will begin wrapping state updates in `React.startTransition` in v7. You can use the `v7_startTransition` future flag to opt-in early. For more information, see https://reactrouter.com/v6/upgrading/future#v7_starttransition. @ http://localhost:5173/node_modules/.vite/deps/react-router-dom.js?v=216924f1:4426
[  743412ms] [WARNING] AG Grid: cacheBlockSize is not supported with the 'clientSide' row model. It is only valid with: serverSide, infinite. @ http://localhost:5173/node_modules/.vite/deps/chunk-A7TUNGOE.js?v=216924f1:1608
[  754129ms] [INFO] %cDownload the React DevTools for a better development experience: https://reactjs.org/link/react-devtools font-weight:bold @ http://localhost:5173/node_modules/.vite/deps/chunk-3ZJ2S23Y.js?v=216924f1:21550
[  754163ms] [WARNING] ⚠️ React Router Future Flag Warning: React Router will begin wrapping state updates in `React.startTransition` in v7. You can use the `v7_startTransition` future flag to opt-in early. For more information, see https://reactrouter.com/v6/upgrading/future#v7_starttransition. @ http://localhost:5173/node_modules/.vite/deps/react-router-dom.js?v=216924f1:4426
[  833312ms] [INFO] %cDownload the React DevTools for a better development experience: https://reactjs.org/link/react-devtools font-weight:bold @ http://localhost:5173/node_modules/.vite/deps/chunk-3ZJ2S23Y.js?v=216924f1:21550
[  833350ms] [WARNING] ⚠️ React Router Future Flag Warning: React Router will begin wrapping state updates in `React.startTransition` in v7. You can use the `v7_startTransition` future flag to opt-in early. For more information, see https://reactrouter.com/v6/upgrading/future#v7_starttransition. @ http://localhost:5173/node_modules/.vite/deps/react-router-dom.js?v=216924f1:4426
[  906286ms] [INFO] %cDownload the React DevTools for a better development experience: https://reactjs.org/link/react-devtools font-weight:bold @ http://localhost:5173/node_modules/.vite/deps/chunk-3ZJ2S23Y.js?v=216924f1:21550
[  906315ms] [WARNING] ⚠️ React Router Future Flag Warning: React Router will begin wrapping state updates in `React.startTransition` in v7. You can use the `v7_startTransition` future flag to opt-in early. For more information, see https://reactrouter.com/v6/upgrading/future#v7_starttransition. @ http://localhost:5173/node_modules/.vite/deps/react-router-dom.js?v=216924f1:4426
[ 1027308ms] [INFO] %cDownload the React DevTools for a better development experience: https://reactjs.org/link/react-devtools font-weight:bold @ http://localhost:5173/node_modules/.vite/deps/chunk-3ZJ2S23Y.js?v=216924f1:21550
[ 1027375ms] [WARNING] ⚠️ React Router Future Flag Warning: React Router will begin wrapping state updates in `React.startTransition` in v7. You can use the `v7_startTransition` future flag to opt-in early. For more information, see https://reactrouter.com/v6/upgrading/future#v7_starttransition. @ http://localhost:5173/node_modules/.vite/deps/react-router-dom.js?v=216924f1:4426
[ 1048222ms] [ERROR] Failed to load resource: the server responded with a status of 503 (Service Unavailable) @ http://localhost:5173/api/erp/humen/manager?page=0&size=50&sortField=employeeNo&sortDirection=asc:0
[ 1048223ms] [ERROR] Infinite mode load error: Error: UI 검증: 일시적인 조회 오류
    at Object.getManagerList (http://localhost:5173/src/erp/humen/manager/managerApi.ts?t=1791068684942:29:13)
    at async http://localhost:5173/src/erp/humen/manager/managerHook.ts?t=1791069071665:73:22
    at async Object.getRows (http://localhost:5173/src/common/grid/grid.tsx?t=1791068684808:112:26) @ http://localhost:5173/src/common/grid/grid.tsx?t=1791068684808:124
[ 1048857ms] [WARNING] AG Grid: cacheBlockSize is not supported with the 'clientSide' row model. It is only valid with: serverSide, infinite. @ http://localhost:5173/node_modules/.vite/deps/chunk-A7TUNGOE.js?v=216924f1:1608
[ 1184175ms] [INFO] %cDownload the React DevTools for a better development experience: https://reactjs.org/link/react-devtools font-weight:bold @ http://localhost:5173/node_modules/.vite/deps/chunk-3ZJ2S23Y.js?v=216924f1:21550
[ 1184239ms] [WARNING] ⚠️ React Router Future Flag Warning: React Router will begin wrapping state updates in `React.startTransition` in v7. You can use the `v7_startTransition` future flag to opt-in early. For more information, see https://reactrouter.com/v6/upgrading/future#v7_starttransition. @ http://localhost:5173/node_modules/.vite/deps/react-router-dom.js?v=216924f1:4426
[ 1250225ms] [INFO] %cDownload the React DevTools for a better development experience: https://reactjs.org/link/react-devtools font-weight:bold @ http://localhost:5173/node_modules/.vite/deps/chunk-3ZJ2S23Y.js?v=216924f1:21550
[ 1250291ms] [WARNING] ⚠️ React Router Future Flag Warning: React Router will begin wrapping state updates in `React.startTransition` in v7. You can use the `v7_startTransition` future flag to opt-in early. For more information, see https://reactrouter.com/v6/upgrading/future#v7_starttransition. @ http://localhost:5173/node_modules/.vite/deps/react-router-dom.js?v=216924f1:4426
